[     251ms] [VERBOSE] [DOM] Input elements should have autocomplete attributes (suggested: "current-password"): (More info: https://goo.gl/9p2vKq) %o @ http://localhost:3000/auth/login:0
[     324ms] [INFO] %cDownload the React DevTools for a better development experience: https://react.dev/link/react-devtools font-weight:bold @ http://localhost:3000/_next/static/chunks/0fuv_next_dist_0mqoqe_._.js:2431
[     510ms] [LOG] [HMR] connected @ http://localhost:3000/_next/static/chunks/0fuv_next_dist_0mqoqe_._.js:2431
[   34992ms] [LOG] [Fast Refresh] rebuilding @ http://localhost:3000/_next/static/chunks/0fuv_next_dist_0mqoqe_._.js:2431
[   37960ms] [LOG] [Fast Refresh] done in 3070ms @ http://localhost:3000/_next/static/chunks/0fuv_next_dist_0mqoqe_._.js:2431
[   76251ms] [LOG] [Fast Refresh] rebuilding @ http://localhost:3000/_next/static/chunks/0fuv_next_dist_0mqoqe_._.js:2431
[   76412ms] [LOG] [Fast Refresh] done in 262ms @ http://localhost:3000/_next/static/chunks/0fuv_next_dist_0mqoqe_._.js:2431
[   79365ms] [LOG] [Fast Refresh] rebuilding @ http://localhost:3000/_next/static/chunks/0fuv_next_dist_0mqoqe_._.js:2431
[   79437ms] [LOG] [Fast Refresh] done in 174ms @ http://localhost:3000/_next/static/chunks/0fuv_next_dist_0mqoqe_._.js:2431
[  148207ms] [LOG] [Fast Refresh] rebuilding @ http://localhost:3000/_next/static/chunks/0fuv_next_dist_0mqoqe_._.js:2431
[  148213ms] [LOG] [Fast Refresh] done in 112ms @ http://localhost:3000/_next/static/chunks/0fuv_next_dist_0mqoqe_._.js:2431
[  160561ms] [LOG] [Fast Refresh] rebuilding @ http://localhost:3000/_next/static/chunks/0fuv_next_dist_0mqoqe_._.js:2431
[  163837ms] [LOG] [Fast Refresh] done in 3377ms @ http://localhost:3000/_next/static/chunks/0fuv_next_dist_0mqoqe_._.js:2431
[  199527ms] [LOG] [Fast Refresh] rebuilding @ http://localhost:3000/_next/static/chunks/0fuv_next_dist_0mqoqe_._.js:2431
[  200386ms] [LOG] [Fast Refresh] done in 960ms @ http://localhost:3000/_next/static/chunks/0fuv_next_dist_0mqoqe_._.js:2431
[  201409ms] [LOG] [Fast Refresh] rebuilding @ http://localhost:3000/_next/static/chunks/0fuv_next_dist_0mqoqe_._.js:2431
[  201562ms] [LOG] [Fast Refresh] done in 254ms @ http://localhost:3000/_next/static/chunks/0fuv_next_dist_0mqoqe_._.js:2431
[  208658ms] [LOG] [Fast Refresh] rebuilding @ http://localhost:3000/_next/static/chunks/0fuv_next_dist_0mqoqe_._.js:2431
[  209071ms] [LOG] [Fast Refresh] done in 516ms @ http://localhost:3000/_next/static/chunks/0fuv_next_dist_0mqoqe_._.js:2431
[  255411ms] [LOG] [Fast Refresh] rebuilding @ http://localhost:3000/_next/static/chunks/0fuv_next_dist_0mqoqe_._.js:2431
[  255687ms] [LOG] [Fast Refresh] done in 377ms @ http://localhost:3000/_next/static/chunks/0fuv_next_dist_0mqoqe_._.js:2431
[  289534ms] [LOG] [Fast Refresh] rebuilding @ http://localhost:3000/_next/static/chunks/0fuv_next_dist_0mqoqe_._.js:2431
[  289800ms] [LOG] [Fast Refresh] done in 242ms @ http://localhost:3000/_next/static/chunks/0fuv_next_dist_0mqoqe_._.js:2431
[  289920ms] [LOG] [Fast Refresh] rebuilding @ http://localhost:3000/_next/static/chunks/0fuv_next_dist_0mqoqe_._.js:2431
[  290159ms] [LOG] [Fast Refresh] done in 341ms @ http://localhost:3000/_next/static/chunks/0fuv_next_dist_0mqoqe_._.js:2431
[  290262ms] [LOG] [Fast Refresh] rebuilding @ http://localhost:3000/_next/static/chunks/0fuv_next_dist_0mqoqe_._.js:2431
[  290291ms] [LOG] [Fast Refresh] done in 131ms @ http://localhost:3000/_next/static/chunks/0fuv_next_dist_0mqoqe_._.js:2431
