[    2457ms] [ERROR] Failed to load resource: the server responded with a status of 500 (Internal Server Error) @ http://localhost:3000/auth/callback#token_hash=test123&type=recovery:0
[    2551ms] Unexpected end of input
[    2552ms] Invalid or unexpected token
[    2575ms] [INFO] %cDownload the React DevTools for a better development experience: https://react.dev/link/react-devtools font-weight:bold @ http://localhost:3000/_next/static/chunks/0fuv_react-dom_04004tw._.js:15305
[    2627ms] Error: Module [next]/entry/page-loader.ts { PAGE => "[project]/apps/web/node_modules/next/dist/pages/_error.js [client] (ecmascript)" } [client] (ecmascript) was instantiated because it was required from module [hmr-entry]/hmr-entry.js { ENTRY => "[project]/apps/web/pages/_error" }, but the module factory is not available.
This is often caused by a stale browser cache, misconfigured Cache-Control headers, or a service worker serving outdated responses.
To fix this, make sure your Cache-Control headers allow revalidation of chunks and review your service worker configuration. As an immediate workaround, try hard-reloading the page, clearing the browser cache, or unregistering any service workers.
    at instantiateModuleShared (http://localhost:3000/_next/static/chunks/turbopack-apps_web_pages__app_05ss4ak._.js:1272:15)
    at instantiateModule (http://localhost:3000/_next/static/chunks/turbopack-apps_web_pages__app_05ss4ak._.js:1621:12)
    at getOrInstantiateModuleFromParent (http://localhost:3000/_next/static/chunks/turbopack-apps_web_pages__app_05ss4ak._.js:1604:12)
    at DevContext.commonJsRequire [as r] (http://localhost:3000/_next/static/chunks/turbopack-apps_web_pages__app_05ss4ak._.js:299:12)
    at module evaluation (http://localhost:3000/_next/static/chunks/%5Broot-of-the-server%5D__0dlxqx9._.js:468:23)
    at http://localhost:3000/_next/static/chunks/turbopack-apps_web_pages__app_05ss4ak._.js:1307:27
    at runModuleExecutionHooks (http://localhost:3000/_next/static/chunks/turbopack-apps_web_pages__app_05ss4ak._.js:1636:13)
    at instantiateModuleShared (http://localhost:3000/_next/static/chunks/turbopack-apps_web_pages__app_05ss4ak._.js:1305:9)
    at instantiateModule (http://localhost:3000/_next/static/chunks/turbopack-apps_web_pages__app_05ss4ak._.js:1621:12)
    at getOrInstantiateRuntimeModule (http://localhost:3000/_next/static/chunks/turbopack-apps_web_pages__app_05ss4ak._.js:1582:12)
    at Object.registerChunk (http://localhost:3000/_next/static/chunks/turbopack-apps_web_pages__app_05ss4ak._.js:1985:21)
[    2622ms] [LOG] [HMR] connected @ http://localhost:3000/_next/static/chunks/0fuv_next_dist_0_euhq~._.js:1226
[    2623ms] [WARNING] [HMR] Invalid message: {"type":"isrManifest","data":{"/auth/callback":false,"/app/spaces":false}}
TypeError: Cannot read properties of undefined (reading 'components')
    at handleStaticIndicator (http://localhost:3000/_next/static/chunks/0fuv_next_dist_client_08kqo5b._.js:2791:46)
    at processMessage (http://localhost:3000/_next/static/chunks/0fuv_next_dist_client_08kqo5b._.js:2805:17)
    at http://localhost:3000/_next/static/chunks/0fuv_next_dist_client_08kqo5b._.js:2679:13
    at WebSocket.handleMessage (http://localhost:3000/_next/static/chunks/0fuv_next_dist_client_08kqo5b._.js:2324:17) @ http://localhost:3000/_next/static/chunks/0fuv_next_dist_0_euhq~._.js:1226
[    2637ms] [ERROR] ./apps/web/app
An issue occurred while preparing your Next.js app
Conflicting route and page at /auth/callback: route at /auth/callback/route and page at /auth/callback/page @ http://localhost:3000/_next/static/chunks/0fuv_next_dist_0_euhq~._.js:1945
[    2638ms] [ERROR] ./apps/web/app
An issue occurred while preparing your Next.js app
Conflicting route and page at /auth/callback: route at /auth/callback/route and page at /auth/callback/page @ http://localhost:3000/_next/static/chunks/0fuv_next_dist_0_euhq~._.js:1945
[    2762ms] [ERROR] Failed to load resource: the server responded with a status of 404 (Not Found) @ http://localhost:3000/favicon.ico:0
